// Jest Snapshot v1, https://jestjs.io/docs/snapshot-testing

exports[`BulbOn renders correctly 1`] = `
<svg
  viewBox="0 0 24 24"
  xmlns="http://www.w3.org/2000/svg"
>
  <path
    d="M0 0h24v24H0z"
    fill="none"
  />
  <path
    d="M9 21c0 .5.4 1 1 1h4c.6 0 1-.5 1-1v-1H9v1zm3-19a7 7 0 00-4 12.7V17c0 .5.4 1 1 1h6c.6 0 1-.5 1-1v-2.3A7 7 0 0012 2z"
  />
</svg>
`;
